// Vitest Snapshot v1

exports[`themer "burst" wallpaper > should list output files 1`] = `
"
Files generated:

* \`themer-wallpaper-burst-dark-1000x1000.png\`
* \`themer-wallpaper-burst-light-1000x1000.png\`
"
`;
