// Vitest Snapshot v1

exports[`themer "trianglify" wallpaper > should list output files 1`] = `
"
Files generated:

* \`themer-wallpaper-trianglify-dark-1000x1000-0.5-1.png\`
* \`themer-wallpaper-trianglify-dark-1000x1000-0.5-2.png\`
* \`themer-wallpaper-trianglify-light-1000x1000-0.5-1.png\`
* \`themer-wallpaper-trianglify-light-1000x1000-0.5-2.png\`
"
`;
